---
source: tests/examples_extraction.rs
expression: render(&example)
---
syntax: latex
L18   en-GB    An abstract is prose and is checked. This sentence contains a deliber...
L24   en-GB    Introduction
L26   en-GB    Body text is prose. A citation such as is not, and neither is the lab...
L31   en-GB    Inline mathematics, , sits inside a sentence without splitting it. Di...
L39   en-GB    Environments that hold no prose
L52   en-GB    Turning the checker off
L54   en-GB    This line holds a deliberate mispelling and is not reported.
L57   en-GB    Inside this region only spelling is silenced; every other rule still ...
L65   fr       Voici un paragraphe en français au milieu d'un article anglais, avec ...
L70   en-GB    Conclusion
L71   en-GB    A final sentence with a deliberatly wrong word, and a URL that is not...
L75   en-GB    1 knuth1984 Donald E. Knuth. The book . Addison-Wesley, 1984.
