---
source: tests/examples_extraction.rs
expression: render(&example)
---
syntax: latex
L17   en-GB    An abstract is prose and is checked. This sentence contains a deliber...
L23   en-GB    Introduction
L25   en-GB    Body text is prose. A citation such as is not, and neither is the lab...
L30   en-GB    Inline mathematics, , sits inside a sentence without splitting it. Di...
L38   en-GB    Environments that hold no prose
L51   en-GB    Turning the checker off
L53   en-GB    This line holds a deliberate mispelling and is not reported.
L56   en-GB    Inside this region only spelling is silenced; every other rule still ...
L64   fr       Voici un paragraphe en français au milieu d'un article anglais, avec ...
L69   en-GB    Conclusion
L70   en-GB    A final sentence with a deliberatly wrong word, and a URL that is not...
