---
source: tests/examples_extraction.rs
expression: render(&example)
---
syntax: typst
L5    en-US    Three checkers, one span
L6    en-US    This document is written against a config that enables Harper, Langua...
L12   en-US    One word, three opinions
L13   en-US    The paragraph that follows plants words each engine has something to ...
L17   en-US    We recieve the report, acknowlege the finding, and seperate the two c...
L22   en-US    Words with long suggestion lists
L23   en-US    A speller asked about a word close to many others returns many answer...
L29   en-US    The reciept was recieved, the beleif was releived, and the commitee r...
L33   en-US    Where the engines disagree about the span
L34   en-US    Hunspell trims a token to its alphabetic edges and joins an internal ...
L39   en-US    The well-recieved paper wasn't publically available, and the author's...
L43   en-US    Style and grammar, which only one engine reads
L44   en-US    Hunspell has no grammar behind it it is a word list and an affix tabl...
L48   en-US    The committee have been deliberating the matter for a very long perio...
L52   en-US    What is not checked at all
L58   en-US    the linked text is prose
L59   en-US    The raw block, the equation and the URL are none of them prose. The l...
