---
source: tests/examples_extraction.rs
expression: render(&example)
---
syntax: typst
L15   fr-FR    Le canon et sa réception
L16   fr-FR    Ce chapitre examine la réception du canon dans la théologie patristiq...
L21   fr-FR    Une citation en anglais
L22   fr-FR    Le passage suivant est cité dans sa langue d'origine. Il est balisé avec
L24   fr-FR    , donc chaque mot y est vérifié en anglais et non en français.
L27   fr-FR    Augustine, Confessions XI
L29   en-GB    What then is time? If no one asks me, I know what it is. If I wish to...
L34   fr-FR    Notez que l'attribution ci-dessus reste en français, puisqu'elle est ...
L38   fr-FR    Un terme hébreu
L40   he       קנון
L40   fr-FR    est le terme employé par les sources rabbiniques. Aucun moteur instal...
L44   fr-FR    Ce qui n'est pas de la prose
L45   fr-FR    Rien de ce qui suit ne doit être vérifié comme du texte.
L54   fr-FR    Une formule en ligne au milieu d'une phrase ne coupe pas la phrase en...
L60   fr-FR    Une légende, elle, est de la prose et se vérifie.
L62   fr-FR    La figure est référencée ici ; l'étiquette elle-même n'est pas du tex...
L64   fr-FR    .
L66   fr-FR    Désactiver le vérificateur
L68   fr-FR    Cette ligne contient une fautte volontaire et n'est pas signalée.
L71   fr-FR    Dans cette région, seules les fautes d'orthographe sont tues ; le res...
L78   en-US    This paragraph is typeset as French but checked as American English, ...
L83   fr-FR    Fin
L84   fr-FR    Voilà la suiste du texte en français, avec une dernière fautte pour l...
