---
source: tests/examples_extraction.rs
expression: render(&example)
---
syntax: typst
L17   fr-FR    Le canon et sa réception
L18   fr-FR    Ce chapitre examine la réception du canon dans la théologie patristiq...
L23   fr-FR    Une citation en anglais
L24   fr-FR    Le passage suivant est cité dans sa langue d'origine. Il est balisé avec
L26   fr-FR    , donc chaque mot y est vérifié en anglais et non en français.
L29   fr-FR    Augustine, Confessions XI
L31   en-GB    What then is time? If no one asks me, I know what it is. If I wish to...
L36   fr-FR    Notez que l'attribution ci-dessus reste en français, puisqu'elle est ...
L40   fr-FR    Un terme hébreu
L42   he       קנון
L42   fr-FR    est le terme employé par les sources rabbiniques. Aucun moteur instal...
L46   fr-FR    Ce qui n'est pas de la prose
L47   fr-FR    Rien de ce qui suit ne doit être vérifié comme du texte.
L56   fr-FR    Une formule en ligne au milieu d'une phrase ne coupe pas la phrase en...
L64   fr-FR    Une légende, elle, est de la prose et se vérifie.
L66   fr-FR    La figure est référencée ici ; l'étiquette elle-même n'est pas du tex...
L68   fr-FR    .
L70   fr-FR    Désactiver le vérificateur
L72   fr-FR    Cette ligne contient une fautte volontaire et n'est pas signalée.
L75   fr-FR    Dans cette région, seules les fautes d'orthographe sont tues ; le res...
L82   en-US    This paragraph is typeset as French but checked as American English, ...
L87   fr-FR    Fin
L88   fr-FR    Voilà la suiste du texte en français, avec une dernière fautte pour l...
