---
source: tests/snapshot_diagnostics.rs
expression: extracted
---
- Chapter One
- This paragraph has *bold* and _italic_ text.
- First list item
- Second list item
- The value of $x$ is important.
- Numbered one
- Numbered two
- Term
- Definition goes here
- Final paragraph with a label.
- See @conclusion for details.
